// Jest Snapshot v1, https://goo.gl/fbAQLP

exports[`#getI18n 1`] = `
Object {
  "default": Object {
    "Read/CaptureText/placeholder hi": "hi",
    "Read/Name Text/text <name gets a default value": "gets a default value",
    "Read/Text/text Assignment:": "Assignment:",
  },
}
`;

exports[`#getI18n 2`] = `
Object {
  "deCH": Object {
    "Read/NameLabel Text/text Name:": "Namen:",
  },
  "default": Object {
    "Read/NameLabel Text/text Name:": "Name:",
    "Read/Text/text Assignment:": "Assignment:",
  },
  "es": Object {
    "Read/NameLabel Text/text Name:": "Nombre:",
    "Read/Text/text Assignment:": "Tarea:",
  },
}
`;
